<?xml version="1.0" encoding="UTF-8" ?>
<testsuites name="vitest tests" tests="104" failures="0" errors="0" time="2.490886417">
    <testsuite name="src/app/workspace/component/menu/menu.component.spec.ts" timestamp="2026-09-02T19:59:12.914Z" hostname="MacBook-Pro.local" tests="104" failures="0" errors="0" skipped="0" time="2.490886417">
        <testcase classname="src/app/workspace/component/menu/menu.component.spec.ts" name="MenuComponent &gt; should create" time="0.085892084">
        </testcase>
        <testcase classname="src/app/workspace/component/menu/menu.component.spec.ts" name="MenuComponent &gt; getRunButtonBehavior &gt; returns &apos;Invalid Workflow&apos; when the workflow is invalid" time="0.040183209">
        </testcase>
        <testcase classname="src/app/workspace/component/menu/menu.component.spec.ts" name="MenuComponent &gt; getRunButtonBehavior &gt; returns &apos;Empty Workflow&apos; when the workflow has no operators" time="0.027526041">
        </testcase>
        <testcase classname="src/app/workspace/component/menu/menu.component.spec.ts" name="MenuComponent &gt; getRunButtonBehavior &gt; returns &apos;Connect&apos; when no computing unit is attached" time="0.024700292">
        </testcase>
        <testcase classname="src/app/workspace/component/menu/menu.component.spec.ts" name="MenuComponent &gt; getRunButtonBehavior &gt; returns &apos;Run&apos; when connected and execution is uninitialized" time="0.028222417">
        </testcase>
        <testcase classname="src/app/workspace/component/menu/menu.component.spec.ts" name="MenuComponent &gt; getRunButtonBehavior &gt; returns &apos;Pause&apos; while a workflow is running" time="0.022116083">
        </testcase>
        <testcase classname="src/app/workspace/component/menu/menu.component.spec.ts" name="MenuComponent &gt; getRunButtonBehavior &gt; returns &apos;Resume&apos; when execution is paused" time="0.021331208">
        </testcase>
        <testcase classname="src/app/workspace/component/menu/menu.component.spec.ts" name="MenuComponent &gt; getRunButtonBehavior &gt; returns &apos;Connecting&apos; when a unit exists but the websocket is not connected" time="0.024442458">
        </testcase>
        <testcase classname="src/app/workspace/component/menu/menu.component.spec.ts" name="MenuComponent &gt; getRunButtonBehavior &gt; wires both the &apos;Connect&apos; and the &apos;Run&apos; descriptor to runWorkflow" time="0.021215333">
        </testcase>
        <testcase classname="src/app/workspace/component/menu/menu.component.spec.ts" name="MenuComponent &gt; getRunButtonBehavior &gt; gives the invalid, empty and connecting descriptors an inert click handler" time="0.020609541">
        </testcase>
        <testcase classname="src/app/workspace/component/menu/menu.component.spec.ts" name="MenuComponent &gt; getRunButtonBehavior &gt; reports every transient execution state as a disabled spinner" time="0.024470292">
        </testcase>
        <testcase classname="src/app/workspace/component/menu/menu.component.spec.ts" name="MenuComponent &gt; getRunButtonBehavior &gt; falls back to &apos;Run&apos; for a state the switch does not list" time="0.019930834">
        </testcase>
        <testcase classname="src/app/workspace/component/menu/menu.component.spec.ts" name="MenuComponent &gt; applyRunButtonBehavior copies the behavior onto the bound fields" time="0.019172333">
        </testcase>
        <testcase classname="src/app/workspace/component/menu/menu.component.spec.ts" name="MenuComponent &gt; re-applies run button behavior when the validation stream reports an empty workflow" time="0.024108708">
        </testcase>
        <testcase classname="src/app/workspace/component/menu/menu.component.spec.ts" name="MenuComponent &gt; hasOperators &gt; returns false on an empty graph" time="0.0187345">
        </testcase>
        <testcase classname="src/app/workspace/component/menu/menu.component.spec.ts" name="MenuComponent &gt; hasOperators &gt; returns true once an operator is added" time="0.046827792">
        </testcase>
        <testcase classname="src/app/workspace/component/menu/menu.component.spec.ts" name="MenuComponent &gt; onClickAddCommentBox delegates to the workflow action service" time="0.020821834">
        </testcase>
        <testcase classname="src/app/workspace/component/menu/menu.component.spec.ts" name="MenuComponent &gt; onClickDeleteAllOperators removes every operator from the graph" time="0.024964875">
        </testcase>
        <testcase classname="src/app/workspace/component/menu/menu.component.spec.ts" name="MenuComponent &gt; onClickAutoLayout is a no-op when there are no operators" time="0.024507875">
        </testcase>
        <testcase classname="src/app/workspace/component/menu/menu.component.spec.ts" name="MenuComponent &gt; onClickAutoLayout invokes auto layout when operators are present" time="0.023254541">
        </testcase>
        <testcase classname="src/app/workspace/component/menu/menu.component.spec.ts" name="MenuComponent &gt; handleKill delegates to executeWorkflowService.killWorkflow" time="0.018777125">
        </testcase>
        <testcase classname="src/app/workspace/component/menu/menu.component.spec.ts" name="MenuComponent &gt; handleCheckpoint delegates to executeWorkflowService.takeGlobalCheckpoint" time="0.022046208">
        </testcase>
        <testcase classname="src/app/workspace/component/menu/menu.component.spec.ts" name="MenuComponent &gt; onClickClosePanels and onClickResetPanels delegate to PanelService" time="0.018247792">
        </testcase>
        <testcase classname="src/app/workspace/component/menu/menu.component.spec.ts" name="MenuComponent &gt; runWorkflow &gt; does nothing when the workflow is invalid" time="0.017979917">
        </testcase>
        <testcase classname="src/app/workspace/component/menu/menu.component.spec.ts" name="MenuComponent &gt; runWorkflow &gt; does nothing when the workflow is empty" time="0.022950834">
        </testcase>
        <testcase classname="src/app/workspace/component/menu/menu.component.spec.ts" name="MenuComponent &gt; runWorkflow &gt; opens the add-computing-unit modal when no unit is connected" time="0.018814666">
        </testcase>
        <testcase classname="src/app/workspace/component/menu/menu.component.spec.ts" name="MenuComponent &gt; runWorkflow &gt; submits the execution when connected" time="0.018336334">
        </testcase>
        <testcase classname="src/app/workspace/component/menu/menu.component.spec.ts" name="MenuComponent &gt; runWorkflow &gt; names a new computing unit generically when the workflow has no name" time="0.021700042">
        </testcase>
        <testcase classname="src/app/workspace/component/menu/menu.component.spec.ts" name="MenuComponent &gt; runWorkflow &gt; submits under &apos;Untitled Execution&apos; when no execution name has been chosen" time="0.018036458">
        </testcase>
        <testcase classname="src/app/workspace/component/menu/menu.component.spec.ts" name="MenuComponent &gt; onWorkflowNameChange forwards the new name to the workflow action service" time="0.0204205">
        </testcase>
        <testcase classname="src/app/workspace/component/menu/menu.component.spec.ts" name="MenuComponent &gt; onWorkflowNameChange persists the rename only while logged in" time="0.02526775">
        </testcase>
        <testcase classname="src/app/workspace/component/menu/menu.component.spec.ts" name="MenuComponent &gt; import workflow removal &gt; does not render an import upload control in the toolbar" time="0.041362166">
        </testcase>
        <testcase classname="src/app/workspace/component/menu/menu.component.spec.ts" name="MenuComponent &gt; import workflow removal &gt; does not define an onClickImportWorkflow handler" time="0.02051525">
        </testcase>
        <testcase classname="src/app/workspace/component/menu/menu.component.spec.ts" name="MenuComponent &gt; onClickExportWorkflow (save) &gt; serializes the workflow content as JSON and downloads it under the workflow name" time="0.019753125">
        </testcase>
        <testcase classname="src/app/workspace/component/menu/menu.component.spec.ts" name="MenuComponent &gt; export as Python &gt; shows the returned script in a modal" time="0.019317292">
        </testcase>
        <testcase classname="src/app/workspace/component/menu/menu.component.spec.ts" name="MenuComponent &gt; export as Python &gt; reports the reason the translation gave rather than opening an empty modal" time="0.023051958">
        </testcase>
        <testcase classname="src/app/workspace/component/menu/menu.component.spec.ts" name="MenuComponent &gt; export as Python &gt; copyPythonCodeToClipboard writes the generated Python script to the clipboard" time="0.019469">
        </testcase>
        <testcase classname="src/app/workspace/component/menu/menu.component.spec.ts" name="MenuComponent &gt; version history &gt; onClickGetAllVersions delegates to workflowVersionService.displayWorkflowVersions" time="0.0180555">
        </testcase>
        <testcase classname="src/app/workspace/component/menu/menu.component.spec.ts" name="MenuComponent &gt; version history &gt; closeParticularVersionDisplay delegates to workflowVersionService" time="0.024741167">
        </testcase>
        <testcase classname="src/app/workspace/component/menu/menu.component.spec.ts" name="MenuComponent &gt; version history &gt; revertToVersion reverts and then persists the workflow" time="0.018411959">
        </testcase>
        <testcase classname="src/app/workspace/component/menu/menu.component.spec.ts" name="MenuComponent &gt; version history &gt; cloneVersion notifies success and closes the version panel when cloning succeeds" time="0.018752666">
        </testcase>
        <testcase classname="src/app/workspace/component/menu/menu.component.spec.ts" name="MenuComponent &gt; version history &gt; cloneVersion shows an error notification and does not close the panel when cloning fails" time="0.024281667">
        </testcase>
        <testcase classname="src/app/workspace/component/menu/menu.component.spec.ts" name="MenuComponent &gt; onClickOpenShareAccess (share) &gt; looks up workflow owners and opens the share-access modal" time="0.019057041">
        </testcase>
        <testcase classname="src/app/workspace/component/menu/menu.component.spec.ts" name="MenuComponent &gt; onClickOpenShareAccess (share) &gt; navigates to /user/workflow (no /dashboard prefix) when the modal reports the owner revoked their own access" time="0.019702875">
        </testcase>
        <testcase classname="src/app/workspace/component/menu/menu.component.spec.ts" name="MenuComponent &gt; onClickOpenShareAccess (share) &gt; does not navigate when the share-access modal closes without revoking own access" time="0.023123125">
        </testcase>
        <testcase classname="src/app/workspace/component/menu/menu.component.spec.ts" name="MenuComponent &gt; onClickCreateNewWorkflow resets the graph and navigates back to root" time="0.018623292">
        </testcase>
        <testcase classname="src/app/workspace/component/menu/menu.component.spec.ts" name="MenuComponent &gt; onClickRestoreZoomOffsetDefault delegates to the joint graph wrapper" time="0.017688625">
        </testcase>
        <testcase classname="src/app/workspace/component/menu/menu.component.spec.ts" name="MenuComponent &gt; onClickEditDescription opens the markdown description modal seeded with the current description" time="0.017716291">
        </testcase>
        <testcase classname="src/app/workspace/component/menu/menu.component.spec.ts" name="MenuComponent &gt; onClickExportExecutionResult opens the result-exportation modal with the current workflow name" time="0.021762209">
        </testcase>
        <testcase classname="src/app/workspace/component/menu/menu.component.spec.ts" name="MenuComponent &gt; canvas display toggles &gt; toggleRegion &gt; publishes the displayed flag to the joint graph wrapper when enabled" time="0.018280375">
        </testcase>
        <testcase classname="src/app/workspace/component/menu/menu.component.spec.ts" name="MenuComponent &gt; canvas display toggles &gt; toggleRegion &gt; publishes the displayed flag to the joint graph wrapper when disabled" time="0.017913375">
        </testcase>
        <testcase classname="src/app/workspace/component/menu/menu.component.spec.ts" name="MenuComponent &gt; canvas display toggles &gt; toggleHeatmap / setHeatmapView &gt; publishes the selected view to the joint graph wrapper when enabled" time="0.022210416">
        </testcase>
        <testcase classname="src/app/workspace/component/menu/menu.component.spec.ts" name="MenuComponent &gt; canvas display toggles &gt; toggleHeatmap / setHeatmapView &gt; publishes null to the joint graph wrapper when disabled" time="0.018094083">
        </testcase>
        <testcase classname="src/app/workspace/component/menu/menu.component.spec.ts" name="MenuComponent &gt; canvas display toggles &gt; toggleHeatmap / setHeatmapView &gt; pushes a newly selected view only while the overlay is enabled" time="0.017494875">
        </testcase>
        <testcase classname="src/app/workspace/component/menu/menu.component.spec.ts" name="MenuComponent &gt; canvas display toggles &gt; toggleStatus &gt; removes hide-operator-status when enabled and repositions the status label" time="0.0219985">
        </testcase>
        <testcase classname="src/app/workspace/component/menu/menu.component.spec.ts" name="MenuComponent &gt; canvas display toggles &gt; toggleStatus &gt; adds hide-operator-status when disabled" time="0.017616167">
        </testcase>
        <testcase classname="src/app/workspace/component/menu/menu.component.spec.ts" name="MenuComponent &gt; canvas display toggles &gt; toggleStatus &gt; offsets the status label higher when worker counts are shown" time="0.018192834">
        </testcase>
        <testcase classname="src/app/workspace/component/menu/menu.component.spec.ts" name="MenuComponent &gt; execution duration timer &gt; sets executionDuration to the event&apos;s base duration on each event" time="0.036111833">
        </testcase>
        <testcase classname="src/app/workspace/component/menu/menu.component.spec.ts" name="MenuComponent &gt; execution duration timer &gt; advances the duration by 1s every second while running" time="0.0310645">
        </testcase>
        <testcase classname="src/app/workspace/component/menu/menu.component.spec.ts" name="MenuComponent &gt; execution duration timer &gt; does not start a timer when the execution is not running" time="0.033772542">
        </testcase>
        <testcase classname="src/app/workspace/component/menu/menu.component.spec.ts" name="MenuComponent &gt; execution duration timer &gt; restarts the 1s timer on each new running event, cancelling the previous one" time="0.034118625">
        </testcase>
        <testcase classname="src/app/workspace/component/menu/menu.component.spec.ts" name="MenuComponent &gt; execution duration timer &gt; stops the timer when a running execution transitions to not running" time="0.030467334">
        </testcase>
        <testcase classname="src/app/workspace/component/menu/menu.component.spec.ts" name="MenuComponent &gt; execution duration timer &gt; tears down the timer on destroy so the duration stops advancing" time="0.034367208">
        </testcase>
        <testcase classname="src/app/workspace/component/menu/menu.component.spec.ts" name="MenuComponent &gt; computing unit status subscription &gt; updates computingUnitStatus and re-applies the run button behavior on each status emission" time="0.030104917">
        </testcase>
        <testcase classname="src/app/workspace/component/menu/menu.component.spec.ts" name="MenuComponent &gt; computing unit status subscription &gt; stops updating computingUnitStatus once the component is destroyed" time="0.035299708">
        </testcase>
        <testcase classname="src/app/workspace/component/menu/menu.component.spec.ts" name="MenuComponent &gt; grid / worker-count toggles, report, and name sizing &gt; toggleGrid sets the joint paper grid size from the flag" time="0.017417292">
        </testcase>
        <testcase classname="src/app/workspace/component/menu/menu.component.spec.ts" name="MenuComponent &gt; grid / worker-count toggles, report, and name sizing &gt; toggleNumWorkers toggles the hide-worker-count class from the flag" time="0.016789875">
        </testcase>
        <testcase classname="src/app/workspace/component/menu/menu.component.spec.ts" name="MenuComponent &gt; grid / worker-count toggles, report, and name sizing &gt; onClickGenerateReport shows a blocking notification and builds the report html" time="0.030865291">
        </testcase>
        <testcase classname="src/app/workspace/component/menu/menu.component.spec.ts" name="MenuComponent &gt; grid / worker-count toggles, report, and name sizing &gt; adjustWorkflowNameWidth is a no-op when the name input is absent" time="0.019229416">
        </testcase>
        <testcase classname="src/app/workspace/component/menu/menu.component.spec.ts" name="MenuComponent &gt; grid / worker-count toggles, report, and name sizing &gt; adjustWorkflowNameWidth sizes the input in px to fit its text" time="0.029204625">
        </testcase>
        <testcase classname="src/app/workspace/component/menu/menu.component.spec.ts" name="MenuComponent &gt; grid / worker-count toggles, report, and name sizing &gt; adjustWorkflowNameWidth measures the placeholder when the input is empty" time="0.024485958">
        </testcase>
        <testcase classname="src/app/workspace/component/menu/menu.component.spec.ts" name="MenuComponent &gt; expand jupyter notebook panel &gt; onClickExpandJupyterNotebookPanel delegates to JupyterPanelService" time="0.019008209">
        </testcase>
        <testcase classname="src/app/workspace/component/menu/menu.component.spec.ts" name="MenuComponent &gt; expand jupyter notebook panel &gt; shows the expand-jupyter button only when the flag is on and a notebook exists" time="0.019816917">
        </testcase>
        <testcase classname="src/app/workspace/component/menu/menu.component.spec.ts" name="MenuComponent &gt; expand jupyter notebook panel &gt; clicking the expand-jupyter button opens the panel" time="0.028335291">
        </testcase>
        <testcase classname="src/app/workspace/component/menu/menu.component.spec.ts" name="MenuComponent &gt; toolbar wiring &gt; routes each toolbar button to its own handler" time="0.032019834">
        </testcase>
        <testcase classname="src/app/workspace/component/menu/menu.component.spec.ts" name="MenuComponent &gt; toolbar wiring &gt; does not fire a neighbour&apos;s handler when one button is clicked" time="0.022705041">
        </testcase>
        <testcase classname="src/app/workspace/component/menu/menu.component.spec.ts" name="MenuComponent &gt; rendered menu &gt; version display bar &gt; swaps the name input for the version label and a way back" time="0.027707417">
        </testcase>
        <testcase classname="src/app/workspace/component/menu/menu.component.spec.ts" name="MenuComponent &gt; rendered menu &gt; version display bar &gt; offers restore only while the version service allows it" time="0.021460292">
        </testcase>
        <testcase classname="src/app/workspace/component/menu/menu.component.spec.ts" name="MenuComponent &gt; rendered menu &gt; version display bar &gt; offers cloning the displayed version" time="0.021718541">
        </testcase>
        <testcase classname="src/app/workspace/component/menu/menu.component.spec.ts" name="MenuComponent &gt; rendered menu &gt; version display bar &gt; names the displayed version, and says nothing when there is none" time="0.026297959">
        </testcase>
        <testcase classname="src/app/workspace/component/menu/menu.component.spec.ts" name="MenuComponent &gt; rendered menu &gt; version display bar &gt; renders an icon per co-editor" time="0.021786417">
        </testcase>
        <testcase classname="src/app/workspace/component/menu/menu.component.spec.ts" name="MenuComponent &gt; rendered menu &gt; workflow name field &gt; shows the id badge and reports typing and committing the name" time="0.0212135">
        </testcase>
        <testcase classname="src/app/workspace/component/menu/menu.component.spec.ts" name="MenuComponent &gt; rendered menu &gt; workflow name field &gt; drops the id badge when there is no workflow yet" time="0.023436">
        </testcase>
        <testcase classname="src/app/workspace/component/menu/menu.component.spec.ts" name="MenuComponent &gt; rendered menu &gt; execution buttons &gt; wires share, kill and run" time="0.022024875">
        </testcase>
        <testcase classname="src/app/workspace/component/menu/menu.component.spec.ts" name="MenuComponent &gt; rendered menu &gt; toolbar &gt; wires each toolbar button to its handler" time="0.029329917">
        </testcase>
        <testcase classname="src/app/workspace/component/menu/menu.component.spec.ts" name="MenuComponent &gt; rendered menu &gt; operator actions &gt; keeps the operator actions disabled while nothing is selected" time="0.023941958">
        </testcase>
        <testcase classname="src/app/workspace/component/menu/menu.component.spec.ts" name="MenuComponent &gt; rendered menu &gt; operator actions &gt; wires each operator action in both of its rendered states" time="0.028349917">
        </testcase>
        <testcase classname="src/app/workspace/component/menu/menu.component.spec.ts" name="MenuComponent &gt; rendered menu &gt; operator actions &gt; wires the export-result button" time="0.025329209">
        </testcase>
        <testcase classname="src/app/workspace/component/menu/menu.component.spec.ts" name="MenuComponent &gt; rendered menu &gt; operator actions &gt; wires undo and redo, and disables them while an older version is displayed" time="0.024424375">
        </testcase>
        <testcase classname="src/app/workspace/component/menu/menu.component.spec.ts" name="MenuComponent &gt; rendered menu &gt; checkpoint button &gt; appears only with time travel on, and is enabled only while paused" time="0.023758">
        </testcase>
        <testcase classname="src/app/workspace/component/menu/menu.component.spec.ts" name="MenuComponent &gt; ngOnInit subscriptions &gt; re-applies the run button behavior on every execution state event" time="0.033180083">
        </testcase>
        <testcase classname="src/app/workspace/component/menu/menu.component.spec.ts" name="MenuComponent &gt; ngOnInit subscriptions &gt; deactivates the export button unless the feature is on and results exist" time="0.017940833">
        </testcase>
        <testcase classname="src/app/workspace/component/menu/menu.component.spec.ts" name="MenuComponent &gt; onClickGenerateReport &gt; orders the operator results by operator id and blanks the ones the backend omitted" time="0.026208">
        </testcase>
        <testcase classname="src/app/workspace/component/menu/menu.component.spec.ts" name="MenuComponent &gt; onClickGenerateReport &gt; reports a failure to retrieve the operator results and closes the notification" time="0.02006625">
        </testcase>
        <testcase classname="src/app/workspace/component/menu/menu.component.spec.ts" name="MenuComponent &gt; onClickGenerateReport &gt; reports a failure to take the workflow snapshot without asking for results" time="0.0206395">
        </testcase>
        <testcase classname="src/app/workspace/component/menu/menu.component.spec.ts" name="MenuComponent &gt; onClickEditDescription &gt; seeds the editor with an empty string when the workflow has no description" time="0.025470708">
        </testcase>
        <testcase classname="src/app/workspace/component/menu/menu.component.spec.ts" name="MenuComponent &gt; onClickEditDescription &gt; stores the edited description, persists it while logged in, and closes the modal" time="0.018334333">
        </testcase>
        <testcase classname="src/app/workspace/component/menu/menu.component.spec.ts" name="MenuComponent &gt; onClickEditDescription &gt; closes the modal without persisting when logged out" time="0.017289084">
        </testcase>
        <testcase classname="src/app/workspace/component/menu/menu.component.spec.ts" name="MenuComponent &gt; persistWorkflow &gt; adopts the saved workflow as the current metadata and clears the saving indicator" time="0.021521084">
        </testcase>
        <testcase classname="src/app/workspace/component/menu/menu.component.spec.ts" name="MenuComponent &gt; persistWorkflow &gt; still clears the saving indicator when the saved workflow has no id" time="0.017250834">
        </testcase>
        <testcase classname="src/app/workspace/component/menu/menu.component.spec.ts" name="MenuComponent &gt; persistWorkflow &gt; surfaces a save failure as a notification and stops the saving indicator" time="0.01688375">
        </testcase>
        <testcase classname="src/app/workspace/component/menu/menu.component.spec.ts" name="MenuComponent &gt; workflow metadata display &gt; stamps the last save time for a workflow that has been persisted" time="0.026870208">
        </testcase>
        <testcase classname="src/app/workspace/component/menu/menu.component.spec.ts" name="MenuComponent &gt; workflow metadata display &gt; leaves the stamp empty for a workflow that has never been saved" time="0.021344125">
        </testcase>
        <testcase classname="src/app/workspace/component/menu/menu.component.spec.ts" name="MenuComponent &gt; workflow metadata display &gt; stamps the version date when the displayed workflow has a creation time" time="0.016866875">
        </testcase>
    </testsuite>
</testsuites>
